#-----------------------------------------------------------
# Webtalk v2019.1 (64-bit)
# SW Build 2552052 on Fri May 24 14:49:42 MDT 2019
# IP Build 2548770 on Fri May 24 18:01:18 MDT 2019
# Start of session at: Sun Aug 25 15:02:37 2019
# Process ID: 13708
# Current directory: D:/Datos/Downloads/Basys-3-Keyboard-2018.2-3/vivado_proj/Basys-3-Keyboard.sim/sim_1/behav/xsim
# Command line: wbtcv.exe -mode batch -source D:/Datos/Downloads/Basys-3-Keyboard-2018.2-3/vivado_proj/Basys-3-Keyboard.sim/sim_1/behav/xsim/xsim.dir/top_behav/webtalk/xsim_webtalk.tcl -notrace
# Log file: D:/Datos/Downloads/Basys-3-Keyboard-2018.2-3/vivado_proj/Basys-3-Keyboard.sim/sim_1/behav/xsim/webtalk.log
# Journal file: D:/Datos/Downloads/Basys-3-Keyboard-2018.2-3/vivado_proj/Basys-3-Keyboard.sim/sim_1/behav/xsim\webtalk.jou
#-----------------------------------------------------------
source D:/Datos/Downloads/Basys-3-Keyboard-2018.2-3/vivado_proj/Basys-3-Keyboard.sim/sim_1/behav/xsim/xsim.dir/top_behav/webtalk/xsim_webtalk.tcl -notrace
