<html>
<body>
<pre>
<h1>µVision Build Log</h1>
<h2>Tool Versions:</h2>
IDE-Version: µVision V5.27.1.0
Copyright (C) 2019 ARM Ltd and ARM Germany GmbH. All rights reserved.
License Information: Laura Rosas, Universidad Latina, LIC=2TTTG-VZGKW-F1MPT-REY46-R77G9-0LRG6
 
Tool Versions:
Toolchain:       MDK-ARM Professional  Version: 5.27.1.0
Toolchain Path:  C:\Keil_v5\ARM\ARMCC\Bin
C Compiler:      Armcc.exe V5.06 update 6 (build 750)
Assembler:       Armasm.exe V5.06 update 6 (build 750)
Linker/Locator:  ArmLink.exe V5.06 update 6 (build 750)
Library Manager: ArmAr.exe V5.06 update 6 (build 750)
Hex Converter:   FromElf.exe V5.06 update 6 (build 750)
CPU DLL:         SARMCM3.DLL V5.27.1.0
Dialog DLL:      DCM.DLL V1.17.2.0
Target DLL:      STLink\ST-LINKIII-KEIL_SWO.dll V3.0.6.0
Dialog DLL:      TCM.DLL V1.36.1.0
 
<h2>Project:</h2>
C:\Users\Laura\Downloads\MDK\Boards\ST\STM32F429I-Discovery\emWin\Example\Example.uvprojx
Project File Date:  12/10/2020

<h2>Output:</h2>
*** Using Compiler 'V5.06 update 6 (build 750)', folder: 'C:\Keil_v5\ARM\ARMCC\Bin'
Build target 'Debug'
compiling ImageViewerDialogDLG.c...
linking...
Program Size: Code=121900 RO-data=702152 RW-data=8120 ZI-data=2281392  
".\Debug\Example.axf" - 0 Error(s), 0 Warning(s).

<h2>Software Packages used:</h2>

Package Vendor: ARM
                http://www.keil.com/pack/ARM.CMSIS.5.5.1.pack
                ARM.CMSIS.5.5.1
                CMSIS (Cortex Microcontroller Software Interface Standard)
   * Component: I2C Version: 2.3.0
   * Component: SPI Version: 2.2.0
   * Component: USB Host Version: 2.2.0
   * Component: RTOS2 Version: 2.1.3
   * Component: CORE Version: 5.2.0
   * Component: Keil RTX5 Variant: Library Version: 5.5.0

Package Vendor: Keil
                http://www.keil.com/pack/Keil.ARM_Compiler.1.6.1.pack
                Keil.ARM_Compiler.1.6.1
                Keil ARM Compiler extensions for ARM Compiler 5 and ARM Compiler 6
   * Component: Event Recorder Variant: DAP Version: 1.4.0
   * Component: File Variant: File System Version: 1.2.0

Package Vendor: Keil
                http://www.keil.com/pack/Keil.MDK-Middleware.7.8.0.pack
                Keil.MDK-Middleware.7.8.0
                Middleware for Keil MDK-Professional and MDK-Plus
   * Component: Touchscreen Version: 1.0.1
   * Component: emWin LCD Version: 1.1.0
   * Component: CORE Variant: LFN Version: 6.11.0
   * Component: USB Version: 6.11.0
   * Component: CORE Variant: Release Version: 6.13.0
   * Component: MSC Version: 6.13.0
   * Component: Host Version: 6.13.0
   * Component: MSC Version: 6.13.0
   * Component: CORE Version: 5.46.5
   * Component: Touchscreen Version: 5.46.5
   * Component: GUI Builder Version: 5.46.5

Package Vendor: Keil
                http://www.keil.com/pack/Keil.STM32F4xx_DFP.2.13.0.pack
                Keil.STM32F4xx_DFP.2.13.0
                STMicroelectronics STM32F4 Series Device Support, Drivers and Examples
   * Component: STM32Cube Framework Version: 1.0.0
   * Component: Touchscreen Version: 1.0.0
   * Component: emWin LCD Variant: RGB IF Version: 1.0.0
   * Component: I2C Version: 2.8
   * Component: SPI Version: 2.11
   * Component: High-speed Version: 2.22
   * Component: Classic Version: 1.7.4
   * Component: Common Version: 1.7.4
   * Component: Cortex Version: 1.7.4
   * Component: DMA Version: 1.7.4
   * Component: DMA2D Version: 1.7.4
   * Component: GPIO Version: 1.7.4
   * Component: I2C Version: 1.7.4
   * Component: LTDC Version: 1.7.4
   * Component: PWR Version: 1.7.4
   * Component: RCC Version: 1.7.4
   * Component: SPI Version: 1.7.4
   * Component: Startup Version: 2.6.2
   * Component: STM32F429I-Discovery Variant: RGB IF Version: 1.0.2

<h2>Collection of Component include folders:</h2>
  .\RTE\CMSIS
  .\RTE\Compiler
  .\RTE\Device\STM32F429ZITx
  .\RTE\_Debug
  C:\Users\Laura\AppData\Local\Arm\Packs\ARM\CMSIS\5.5.1\CMSIS\Core\Include
  C:\Users\Laura\AppData\Local\Arm\Packs\ARM\CMSIS\5.5.1\CMSIS\Driver\Include
  C:\Users\Laura\AppData\Local\Arm\Packs\ARM\CMSIS\5.5.1\CMSIS\RTOS2\Include
  C:\Users\Laura\AppData\Local\Arm\Packs\ARM\CMSIS\5.5.1\CMSIS\RTOS2\RTX\Include
  C:\Users\Laura\AppData\Local\Arm\Packs\Keil\ARM_Compiler\1.6.1\Include
  C:\Users\Laura\AppData\Local\Arm\Packs\Keil\MDK-Middleware\7.8.0\Board
  C:\Users\Laura\AppData\Local\Arm\Packs\Keil\MDK-Middleware\7.8.0\FileSystem\Include
  C:\Users\Laura\AppData\Local\Arm\Packs\Keil\MDK-Middleware\7.8.0\USB\Include
  C:\Users\Laura\AppData\Local\Arm\Packs\Keil\MDK-Middleware\7.8.0\emWin\Include
  C:\Users\Laura\AppData\Local\Arm\Packs\Keil\STM32F4xx_DFP\2.13.0\Drivers\CMSIS\Device\ST\STM32F4xx\Include
  C:\Users\Laura\AppData\Local\Arm\Packs\Keil\STM32F4xx_DFP\2.13.0\Drivers\STM32F4xx_HAL_Driver\Inc

<h2>Collection of Component Files used:</h2>

   * Component: ::Board Support:Touchscreen:1.0.1 (API)
      Include file:  Board\Board_Touch.h

   * Component: ::Board Support:emWin LCD:1.1.0 (API)
      Include file:  emWin\Include\LCD_X.h

   * Component: ::CMSIS Driver:I2C:2.3.0 (API)
      Include file:  CMSIS\Driver\Include\Driver_I2C.h

   * Component: ::CMSIS Driver:SPI:2.2.0 (API)
      Include file:  CMSIS\Driver\Include\Driver_SPI.h

   * Component: ::CMSIS Driver:USB Host:2.2.0 (API)
      Include file:  CMSIS\Driver\Include\Driver_USBH.h

   * Component: ::CMSIS:RTOS2:2.1.3 (API)
      Include file:  CMSIS\RTOS2\Include\cmsis_os2.h

   * Component: ::Device:STM32Cube Framework:1.0.0 (API)

   * Component: ARM::CMSIS:CORE:5.2.0

   * Component: ARM::CMSIS:RTOS2:Keil RTX5:Library:5.5.0
      Source file:   CMSIS\RTOS2\RTX\Config\RTX_Config.c
      Source file:   CMSIS\RTOS2\RTX\Template\Events.c
      Source file:   CMSIS\RTOS2\RTX\Template\Mutex.c
      Source file:   CMSIS\RTOS2\RTX\Template\Timer.c
      Source file:   CMSIS\RTOS2\RTX\Template\MemPool.c
      Library file:  CMSIS\RTOS2\RTX\Library\ARM\RTX_CM4F.lib
      Source file:   CMSIS\RTOS2\RTX\Template\MsgQueue.c
      Source file:   CMSIS\RTOS2\RTX\Template\main.c
      Source file:   CMSIS\RTOS2\RTX\Template\Semaphore.c
      Source file:   CMSIS\RTOS2\RTX\Template\svc_user.c
      Source file:   CMSIS\RTOS2\RTX\Source\rtx_lib.c
      Include file:  CMSIS\RTOS2\RTX\Include\rtx_os.h
      Source file:   CMSIS\RTOS2\RTX\Template\Thread.c
      Include file:  CMSIS\RTOS2\RTX\Config\RTX_Config.h

   * Component: Keil.ARM Compiler::Compiler:Event Recorder:DAP:1.4.0
      Source file:   Source\EventRecorder.c
      Include file:  Config\EventRecorderConf.h
      Include file:  Include\EventRecorder.h

   * Component: Keil.ARM Compiler::Compiler:I/O:File:File System:1.2.0
      Source file:   Source\retarget_io.c

   * Component: Keil.MDK-Pro::File System:CORE:LFN:6.11.0
      Source file:   FileSystem\Config\FS_Config.c
      Include file:  FileSystem\Include\rl_fs.h
      Library file:  FileSystem\Lib\ARM\FS_LFN_CM3_L.lib

   * Component: Keil.MDK-Pro::File System:Drive:USB:6.11.0
      Source file:   FileSystem\Config\FS_Config_USB.h

   * Component: Keil.MDK-Pro::USB:CORE:Release:6.13.0
      Include file:  USB\Include\rl_usb.h
      Library file:  USB\Lib\ARM\USB_CM3_L.lib

   * Component: Keil.MDK-Pro::USB:Device:MSC:6.13.0
      Source file:   USB\Template\USBD_MSC.h
      Source file:   USB\Template\USBD_User_MSC.c
      Source file:   USB\Template\USBD_User_MSC_LUN.c
      Source file:   USB\Config\USBD_Config_MSC.h
      Source file:   USB\Template\USBD_MSC.c

   * Component: Keil.MDK-Pro::USB:Host:6.13.0
      Source file:   USB\Config\USBH_Config.c

   * Component: Keil.MDK-Pro::USB:Host:MSC:6.13.0
      Source file:   USB\Template\USBH_MSC.c
      Source file:   USB\Config\USBH_Config_MSC.h
      Source file:   USB\Template\USBH_MSC.h

   * Component: Keil.STM32F429I-Discovery::Board Support:Touchscreen:1.0.0
      Source file:   MDK\Boards\ST\STM32F429I-Discovery\Common\Touch_STMPE811.c

   * Component: Keil.STM32F429I-Discovery::Board Support:emWin LCD:RGB IF:1.0.0
      Source file:   MDK\Boards\ST\STM32F429I-Discovery\Common\LCD_X.c

   * Component: Keil::CMSIS Driver:I2C:2.8
      Source file:   CMSIS\Driver\I2C_STM32F4xx.c

   * Component: Keil::CMSIS Driver:SPI:2.11
      Source file:   CMSIS\Driver\SPI_STM32F4xx.c

   * Component: Keil::CMSIS Driver:USB Host:High-speed:2.22
      Source file:   CMSIS\Driver\OTG_HS_STM32F4xx.c
      Source file:   CMSIS\Driver\USBH_HS_STM32F4xx.c

   * Component: Keil::Device:STM32Cube Framework:Classic:1.7.4
      Include file:  CMSIS\Driver\Config\RTE_Device.h
      Include file:  MDK\Templates\Inc\stm32f4xx_it.h
      Source file:   MDK\Templates\Src\main.c
      Include file:  MDK\Templates_LL\Inc\main.h
      Source file:   MDK\Templates\Src\stm32f4xx_it.c
      Source file:   MDK\Templates_LL\Src\main.c
      Include file:  MDK\Templates\Inc\stm32f4xx_hal_conf.h
      Source file:   MDK\Templates\Src\stm32f4xx_hal_msp.c
      Include file:  MDK\Templates\Inc\main.h

   * Component: Keil::Device:STM32Cube HAL:Common:1.7.4
      Source file:   Drivers\STM32F4xx_HAL_Driver\Src\stm32f4xx_hal.c
      Include file:  Drivers\STM32F4xx_HAL_Driver\Inc\stm32f4xx_hal.h

   * Component: Keil::Device:STM32Cube HAL:Cortex:1.7.4
      Source file:   Drivers\STM32F4xx_HAL_Driver\Src\stm32f4xx_hal_cortex.c

   * Component: Keil::Device:STM32Cube HAL:DMA:1.7.4
      Source file:   Drivers\STM32F4xx_HAL_Driver\Src\stm32f4xx_hal_dma_ex.c
      Source file:   Drivers\STM32F4xx_HAL_Driver\Src\stm32f4xx_hal_dma.c

   * Component: Keil::Device:STM32Cube HAL:DMA2D:1.7.4
      Source file:   Drivers\STM32F4xx_HAL_Driver\Src\stm32f4xx_hal_dma2d.c

   * Component: Keil::Device:STM32Cube HAL:GPIO:1.7.4
      Source file:   Drivers\STM32F4xx_HAL_Driver\Src\stm32f4xx_hal_gpio.c

   * Component: Keil::Device:STM32Cube HAL:I2C:1.7.4
      Source file:   Drivers\STM32F4xx_HAL_Driver\Src\stm32f4xx_hal_i2c_ex.c
      Source file:   Drivers\STM32F4xx_HAL_Driver\Src\stm32f4xx_hal_i2c.c

   * Component: Keil::Device:STM32Cube HAL:LTDC:1.7.4
      Source file:   Drivers\STM32F4xx_HAL_Driver\Src\stm32f4xx_hal_ltdc.c

   * Component: Keil::Device:STM32Cube HAL:PWR:1.7.4
      Source file:   Drivers\STM32F4xx_HAL_Driver\Src\stm32f4xx_hal_pwr_ex.c
      Source file:   Drivers\STM32F4xx_HAL_Driver\Src\stm32f4xx_hal_pwr.c

   * Component: Keil::Device:STM32Cube HAL:RCC:1.7.4
      Source file:   Drivers\STM32F4xx_HAL_Driver\Src\stm32f4xx_hal_rcc_ex.c
      Source file:   Drivers\STM32F4xx_HAL_Driver\Src\stm32f4xx_hal_rcc.c

   * Component: Keil::Device:STM32Cube HAL:SPI:1.7.4
      Source file:   Drivers\STM32F4xx_HAL_Driver\Src\stm32f4xx_hal_spi.c

   * Component: Keil::Device:Startup:2.6.2
      Source file:   MDK\Device\Source\ARM\STM32F42xxx_43xxx_OPT.s
      Source file:   Drivers\CMSIS\Device\ST\STM32F4xx\Source\Templates\arm\startup_stm32f429xx.s
      Source file:   MDK\Device\Source\ARM\STM32F4xx_OTP.s
      Include file:  Drivers\CMSIS\Device\ST\STM32F4xx\Include\stm32f4xx.h
      Source file:   Drivers\CMSIS\Device\ST\STM32F4xx\Source\Templates\system_stm32f4xx.c

   * Component: Keil::Graphics Display:STM32F429I-Discovery:RGB IF:1.0.2
      Source file:   MDK\Boards\ST\STM32F429I-Discovery\Common\LCDConf.c

   * Component: Segger.MDK-Pro::Graphics:CORE:5.46.5
      Source file:   emWin\Sample\Template\RTOS2\GUI_MultiThread.c
      Include file:  emWin\Include\GUI.h
      Source file:   emWin\Sample\Config\GUIConf.c
      Source file:   emWin\Sample\Template\RTOS2\GUI_TemplateThread.c
      Source file:   emWin\Sample\Template\RTOS2\GUI_SingleThread.c
      Source file:   emWin\Sample\GUI_X\GUI_X_RTE.c
      Library file:  emWin\Lib\ARM\GUI_CM4F_L.lib

   * Component: Segger.MDK-Pro::Graphics:Input Device:Touchscreen:5.46.5
      Source file:   emWin\Sample\GUI_X\GUI_X_Touch.c

   * Component: Segger.MDK-Pro::Graphics:Tools:GUI Builder:5.46.5
Build Time Elapsed:  00:00:05
</pre>
</body>
</html>
